../Core/Src/main.c:94:5:_write	24	static
../Core/Src/main.c:112:6:Toggle_LED	16	static
../Core/Src/main.c:123:5:main	24	static
../Core/Src/main.c:237:6:SystemClock_Config	88	static
../Core/Src/main.c:287:13:MX_USART1_UART_Init	8	static
../Core/Src/main.c:318:13:MX_GPIO_Init	40	static
../Core/Src/main.c:369:6:Control_Task	24	static
../Core/Src/main.c:408:6:HAL_GPIO_EXTI_Callback	40	static,ignoring_inline_asm
../Core/Src/main.c:414:6:HAL_UART_RxCpltCallback	24	static,ignoring_inline_asm
../Core/Src/main.c:430:6:Emergency_Task	16	static
../Core/Src/main.c:438:6:Task1	16	static
../Core/Src/main.c:446:6:Task2	16	static
../Core/Src/main.c:454:6:Task3	16	static
../Core/Src/main.c:463:6:Timer_Task1	16	static
../Core/Src/main.c:471:6:Timer_Task2	16	static
../Core/Src/main.c:490:6:UART_Task	16	static
../Core/Src/main.c:556:6:HAL_TIM_PeriodElapsedCallback	16	static
../Core/Src/main.c:572:6:Error_Handler	4	static,ignoring_inline_asm
